// Jest Snapshot v1, https://goo.gl/fbAQLP

exports[`dashboard listing table with no item and no write controls 1`] = `
<EuiEmptyPrompt
  iconType="dashboardApp"
  intl={
    Object {
      "defaultFormats": Object {},
      "defaultLocale": "en",
      "formatDate": [Function],
      "formatHTMLMessage": [Function],
      "formatMessage": [Function],
      "formatNumber": [Function],
      "formatPlural": [Function],
      "formatRelative": [Function],
      "formatTime": [Function],
      "formats": Object {
        "date": Object {
          "full": Object {
            "day": "numeric",
            "month": "long",
            "weekday": "long",
            "year": "numeric",
          },
          "long": Object {
            "day": "numeric",
            "month": "long",
            "year": "numeric",
          },
          "medium": Object {
            "day": "numeric",
            "month": "short",
            "year": "numeric",
          },
          "short": Object {
            "day": "numeric",
            "month": "numeric",
            "year": "2-digit",
          },
        },
        "number": Object {
          "currency": Object {
            "style": "currency",
          },
          "percent": Object {
            "style": "percent",
          },
        },
        "relative": Object {
          "days": Object {
            "units": "day",
          },
          "hours": Object {
            "units": "hour",
          },
          "minutes": Object {
            "units": "minute",
          },
          "months": Object {
            "units": "month",
          },
          "seconds": Object {
            "units": "second",
          },
          "years": Object {
            "units": "year",
          },
        },
        "time": Object {
          "full": Object {
            "hour": "numeric",
            "minute": "numeric",
            "second": "numeric",
            "timeZoneName": "short",
          },
          "long": Object {
            "hour": "numeric",
            "minute": "numeric",
            "second": "numeric",
            "timeZoneName": "short",
          },
          "medium": Object {
            "hour": "numeric",
            "minute": "numeric",
            "second": "numeric",
          },
          "short": Object {
            "hour": "numeric",
            "minute": "numeric",
          },
        },
      },
      "formatters": Object {
        "getDateTimeFormat": [Function],
        "getMessageFormat": [Function],
        "getNumberFormat": [Function],
        "getPluralFormat": [Function],
        "getRelativeFormat": [Function],
      },
      "locale": "en",
      "messages": Object {},
      "now": [Function],
      "onError": [Function],
      "textComponent": Symbol(react.fragment),
      "timeZone": null,
    }
  }
  title={
    <EuiText
      size="s"
    >
      <h1
        id="dashboardListingHeading"
      >
        <FormattedMessage
          defaultMessage="Looks like you don't have any dashboards."
          id="dashboard.listing.noItemsMessage"
          values={Object {}}
        />
      </h1>
    </EuiText>
  }
>
  <div
    className="euiEmptyPrompt"
    intl={
      Object {
        "defaultFormats": Object {},
        "defaultLocale": "en",
        "formatDate": [Function],
        "formatHTMLMessage": [Function],
        "formatMessage": [Function],
        "formatNumber": [Function],
        "formatPlural": [Function],
        "formatRelative": [Function],
        "formatTime": [Function],
        "formats": Object {
          "date": Object {
            "full": Object {
              "day": "numeric",
              "month": "long",
              "weekday": "long",
              "year": "numeric",
            },
            "long": Object {
              "day": "numeric",
              "month": "long",
              "year": "numeric",
            },
            "medium": Object {
              "day": "numeric",
              "month": "short",
              "year": "numeric",
            },
            "short": Object {
              "day": "numeric",
              "month": "numeric",
              "year": "2-digit",
            },
          },
          "number": Object {
            "currency": Object {
              "style": "currency",
            },
            "percent": Object {
              "style": "percent",
            },
          },
          "relative": Object {
            "days": Object {
              "units": "day",
            },
            "hours": Object {
              "units": "hour",
            },
            "minutes": Object {
              "units": "minute",
            },
            "months": Object {
              "units": "month",
            },
            "seconds": Object {
              "units": "second",
            },
            "years": Object {
              "units": "year",
            },
          },
          "time": Object {
            "full": Object {
              "hour": "numeric",
              "minute": "numeric",
              "second": "numeric",
              "timeZoneName": "short",
            },
            "long": Object {
              "hour": "numeric",
              "minute": "numeric",
              "second": "numeric",
              "timeZoneName": "short",
            },
            "medium": Object {
              "hour": "numeric",
              "minute": "numeric",
              "second": "numeric",
            },
            "short": Object {
              "hour": "numeric",
              "minute": "numeric",
            },
          },
        },
        "formatters": Object {
          "getDateTimeFormat": [Function],
          "getMessageFormat": [Function],
          "getNumberFormat": [Function],
          "getPluralFormat": [Function],
          "getRelativeFormat": [Function],
        },
        "locale": "en",
        "messages": Object {},
        "now": [Function],
        "onError": [Function],
        "textComponent": Symbol(react.fragment),
        "timeZone": null,
      }
    }
  >
    <EuiIcon
      color="subdued"
      size="xxl"
      type="dashboardApp"
    >
      <span
        color="subdued"
        data-euiicon-type="dashboardApp"
        size="xxl"
      />
    </EuiIcon>
    <EuiSpacer
      size="m"
    >
      <div
        className="euiSpacer euiSpacer--m"
      />
    </EuiSpacer>
    <EuiTitle
      size="m"
    >
      <EuiText
        className="euiTitle euiTitle--medium"
        size="s"
      >
        <div
          className="euiText euiText--small euiTitle euiTitle--medium"
        >
          <h1
            id="dashboardListingHeading"
          >
            <FormattedMessage
              defaultMessage="Looks like you don't have any dashboards."
              id="dashboard.listing.noItemsMessage"
              values={Object {}}
            >
              Looks like you don't have any dashboards.
            </FormattedMessage>
          </h1>
        </div>
      </EuiText>
    </EuiTitle>
  </div>
</EuiEmptyPrompt>
`;
